// Jest Snapshot v1, https://goo.gl/fbAQLP

exports[`HeadTail Component should match the snapshot 1`] = `
<DocumentFragment>
  <div
    class="w-full max-w-3xl mx-auto backdrop-blur-xl bg-white/10 p-10 rounded-xl shadow-xl border border-white/20 text-center"
  >
    <h1
      class="text-4xl font-extrabold text-white drop-shadow-lg mb-6"
    >
      Head & Tail Game
    </h1>
    <div
      class="flex justify-center items-center space-x-4 mb-6"
    >
      <select
        class="px-4 py-2 rounded-lg bg-white text-gray-800"
      >
        <option
          value=""
        >
          Select value
        </option>
        <option
          value="H"
        >
          H
        </option>
        <option
          value="T"
        >
          T
        </option>
      </select>
      <button
        class="px-6 py-2 bg-green-500 text-white font-semibold rounded-lg shadow-md transition-all transform hover:scale-105 hover:bg-green-600"
      >
        Submit
      </button>
      <button
        class="px-6 py-2 bg-red-500 text-white font-semibold rounded-lg shadow-md transition-all transform hover:scale-105 hover:bg-red-600"
      >
        Reset
      </button>
    </div>
    <div
      class="mt-6 text-white text-left"
    />
    <a
      class="mt-6 px-8 py-3.5 bg-gradient-to-r from-blue-500 to-purple-500 text-white font-semibold text-lg rounded-lg shadow-md transition-all transform hover:scale-105 hover:bg-blue-600 hover:shadow-lg block w-fit mx-auto"
      to="/"
    >
      Back to Home
    </a>
  </div>
</DocumentFragment>
`;
